V3 3
FL "X:/Git/Hardware-Embedded-Bonsai/Xilinx Implementation/VGADriver/VGADriver.vhd" 2022/06/23.13:20:27 P.20131013
EN work/VGA_driver 1656077310 \
      FL "X:/Git/Hardware-Embedded-Bonsai/Xilinx Implementation/VGADriver/VGADriver.vhd" \
      PB ieee/STD_LOGIC_UNSIGNED 1381692179 PB ieee/std_logic_1164 1381692176 \
      PB ieee/NUMERIC_STD 1381692181
AR work/VGA_driver/arch 1656077311 \
      FL "X:/Git/Hardware-Embedded-Bonsai/Xilinx Implementation/VGADriver/VGADriver.vhd" \
      EN work/VGA_driver 1656077310
